Testing Contact API...
node : Contact API Error: fetch 
failed
At line:1 char:1
+ node verify-backend.mjs > 
test_output.txt 2>&1
+ ~~~~~~~~~~~~~~~~~~~~~~~~~~~~~~~
~~~~~~~~~~~~~~~
    + CategoryInfo          : No 
   tSpecified: (Contact API Err  
  or: fetch failed:String) [],   
  RemoteException
    + FullyQualifiedErrorId : Na 
   tiveCommandError
 

Testing Admin Login & Dashboard...
Admin Flow Error: fetch failed
